Test Case 'CSVTests.testRecordsAndBOM' passed (0.001 seconds)
Test Case 'CSVTests.testRoundTrip' passed (0.0 seconds)
Test Suite 'CSVTests' passed at 2026-10-05 07:02:06.618
	 Executed 2 tests, with 0 failures (0 unexpected) in 0.001 (0.001) seconds
Test Case 'GradingTests.testMapping' passed (0.1 seconds)
Test Case 'GradingTests.testSpellingScalesWithLength' passed (0.0 seconds)
Test Suite 'GradingTests' passed at 2026-10-05 07:02:06.719
	 Executed 2 tests, with 0 failures (0 unexpected) in 0.101 (0.101) seconds
/home/runner/work/Lexi/Lexi/Packages/LexiCore/Tests/LexiLogicTests/LexiLogicTests.swift:50: error: PinyinTests.testAnswerMatching : XCTAssertTrue failed - 
Test Case 'PinyinTests.testAnswerMatching' failed (0.005 seconds)
Test Case 'PinyinTests.testMarks' passed (0.0 seconds)
Test Case 'PinyinTests.testNumbered' passed (0.0 seconds)
Test Case 'PinyinTests.testToneOptions' passed (0.0 seconds)
Test Suite 'PinyinTests' failed at 2026-10-05 07:02:06.724
	 Executed 4 tests, with 1 failure (0 unexpected) in 0.006 (0.006) seconds
Test Case 'StatsTests.testPerDay' passed (0.0 seconds)
Test Case 'StatsTests.testReminderPlan' passed (0.0 seconds)
Test Case 'StatsTests.testRetention' passed (0.0 seconds)
Test Case 'StatsTests.testStreak' passed (0.0 seconds)
Test Suite 'StatsTests' passed at 2026-10-05 07:02:06.725
	 Executed 4 tests, with 0 failures (0 unexpected) in 0.001 (0.001) seconds
Test Case 'TextMatchTests.testBlank' passed (0.0 seconds)
Test Case 'TextMatchTests.testNormalize' passed (0.005 seconds)
Test Suite 'TextMatchTests' passed at 2026-10-05 07:02:06.730
	 Executed 2 tests, with 0 failures (0 unexpected) in 0.005 (0.005) seconds
Test Suite 'Debug-linux-x86_64.xctest' failed at 2026-10-05 07:02:06.730
	 Executed 14 tests, with 1 failure (0 unexpected) in 0.113 (0.113) seconds
Test Suite 'All tests' failed at 2026-10-05 07:02:06.730
	 Executed 14 tests, with 1 failure (0 unexpected) in 0.113 (0.113) seconds
Test Case 'FSRSPropertyTests.testFuzzStaysInRange' passed (0.001 seconds)
Test Case 'FSRSPropertyTests.testLapseCountsOnlyFromReview' passed (0.004 seconds)
Test Case 'FSRSPropertyTests.testRetentionTargetMeansIntervalGetsLonger' passed (0.1 seconds)
Test Suite 'FSRSPropertyTests' passed at 2026-10-05 07:02:06.867
	 Executed 3 tests, with 0 failures (0 unexpected) in 0.105 (0.105) seconds
Test Case 'FSRSReferenceTests.testDefaultWeightsMatchReference' passed (0.008 seconds)
FSRS: 1771 reviews match py-fsrs 6.3.2
Test Case 'FSRSReferenceTests.testMatchesReference' passed (0.009 seconds)
Test Suite 'FSRSReferenceTests' passed at 2026-10-05 07:02:06.884
	 Executed 2 tests, with 0 failures (0 unexpected) in 0.017 (0.017) seconds
Test Suite 'Debug-linux-x86_64.xctest' passed at 2026-10-05 07:02:06.885
	 Executed 5 tests, with 0 failures (0 unexpected) in 0.123 (0.123) seconds
Test Suite 'All tests' passed at 2026-10-05 07:02:06.885
	 Executed 5 tests, with 0 failures (0 unexpected) in 0.123 (0.123) seconds
✔ Test run with 0 tests in 0 suites passed after 0.001 seconds.
✔ Test run with 0 tests in 0 suites passed after 0.001 seconds.
