01:46:11 WordNet 3.1
01:46:13 en: scanning English Wiktionary
01:47:17 en: 31353 entries, 20299 form redirects, 109333 translation groups
01:47:35 es: scanning Spanish Wiktionary
01:48:17 es: 20616 entries, 24799 redirects, 570 zh entries with es glosses
01:48:23 zh: 121423 CC-CEDICT headwords
01:48:23 zh: 4991 HSK 2.0 words
01:48:23 zh: scanning Chinese entries in English Wiktionary
01:48:52 zh: Tatoeba sentence pairs
# Lexi lexicon coverage report

Built 2026-10-05 01:49 UTC. Database size: 14.3 MB.

| Lang | Metric | Count | % | Flag |
|---|---|---|---|---|
| en | word count | 10,000 | |  |
| en | monolingual definition (en) | 10,000 / 10,000 | 100.0% |  |
| en | example sentence | 9,928 / 10,000 | 99.3% |  |
| en | ≥1 topic category | 2,963 / 10,000 | 29.6% | info |
| en | IPA | 8,746 / 10,000 | 87.5% |  |
| es | word count | 10,000 | |  |
| es | monolingual definition (es) | 10,000 / 10,000 | 100.0% |  |
| es | example sentence | 9,495 / 10,000 | 95.0% |  |
| es | ≥1 topic category | 3,858 / 10,000 | 38.6% | info |
| es | IPA | 9,998 / 10,000 | 100.0% |  |
| zh | word count | 10,000 | |  |
| zh | pinyin | 10,000 / 10,000 | 100.0% |  |
| zh | translation zh→en | 9,991 / 10,000 | 99.9% |  |
| zh | zh example + en translation | 8,397 / 10,000 | 84.0% |  |
| zh | translation zh→es | 6,687 / 10,000 | 66.9% | ⚠ < 80% |
| zh | zh example + es translation | 2,411 / 10,000 | 24.1% | ⚠ < 80% |
| zh | zh example (any) | 8,422 / 10,000 | 84.2% |  |
| zh | part of speech | 8,271 / 10,000 | 82.7% |  |
| zh | HSK 1–6 words included (of HSK list) | 3,828 / 4,991 | 76.7% | ⚠ < 80% |
| zh | ≥1 topic category | 3,226 / 10,000 | 32.3% | info |

## Flags (< 80%)

- en: ≥1 topic category = 29.6%
- es: ≥1 topic category = 38.6%
- zh: translation zh→es = 66.9%
- zh: zh example + es translation = 24.1%
- zh: HSK 1–6 words included (of HSK list) = 76.7%
- zh: ≥1 topic category = 32.3%

01:49:04 done in 2.9 min -> ../Resources/lexi.sqlite
